Microchip MPLAB XC8 Compiler V2.20

Linker command line:

-W-3 --edf=C:\Program Files\Microchip\xc8\v2.20\pic\dat\en_msgs.txt -cn \
  -h+dist/default/production\pic18f_DACC.X.production.sym \
  --cmf=dist/default/production\pic18f_DACC.X.production.cmf -z -Q16F1936 \
  -oC:\Users\askan\AppData\Local\Temp\sddo.2 --defsym=__MPLAB_BUILD=1 \
  -Mdist/default/production/pic18f_DACC.X.production.map -E1 \
  -ver=XC8 Compiler --acfsm=1493 -ASTACK=0204Ah-021EFh -pstack=STACK \
  -ACODE=00h-07FFhx4 -ASTRCODE=00h-01FFFh -ASTRING=00h-0FFhx32 \
  -ACONST=00h-0FFhx32 -AENTRY=00h-0FFhx32 -ACOMMON=070h-07Fh \
  -ABANK0=020h-06Fh -ABANK1=0A0h-0EFh -ABANK2=0120h-016Fh \
  -ABANK3=01A0h-01EFh -ABANK4=0220h-026Fh -ABANK5=02A0h-02EFh \
  -ABANK6=0320h-032Fh -ABIGRAM=02000h-021EFh \
  -ARAM=020h-06Fh,0A0h-0EFh,0120h-016Fh,01A0h-01EFh,0220h-026Fh,02A0h-02EFh,0320h-032Fh \
  -AABS1=020h-07Fh,0A0h-0EFh,0120h-016Fh,01A0h-01EFh,0220h-026Fh,02A0h-02EFh,0320h-032Fh \
  -ASFR0=00h-01Fh -ASFR1=080h-09Fh -ASFR2=0100h-011Fh -ASFR3=0180h-019Fh \
  -ASFR4=0200h-021Fh -ASFR5=0280h-029Fh -ASFR6=0300h-031Fh \
  -ASFR7=0380h-03EFh -ASFR8=0400h-046Fh -ASFR9=0480h-04EFh \
  -ASFR10=0500h-056Fh -ASFR11=0580h-05EFh -ASFR12=0600h-066Fh \
  -ASFR13=0680h-06EFh -ASFR14=0700h-076Fh -ASFR15=0780h-07EFh \
  -ASFR16=0800h-086Fh -ASFR17=0880h-08EFh -ASFR18=0900h-096Fh \
  -ASFR19=0980h-09EFh -ASFR20=0A00h-0A6Fh -ASFR21=0A80h-0AEFh \
  -ASFR22=0B00h-0B6Fh -ASFR23=0B80h-0BEFh -ASFR24=0C00h-0C6Fh \
  -ASFR25=0C80h-0CEFh -ASFR26=0D00h-0D6Fh -ASFR27=0D80h-0DEFh \
  -ASFR28=0E00h-0E6Fh -ASFR29=0E80h-0EEFh -ASFR30=0F00h-0F6Fh \
  -ASFR31=0F80h-0FEFh -ACONFIG=08007h-08008h -DCONFIG=2 \
  -AIDLOC=08000h-08003h -DIDLOC=2 -preset_vec=00h,intentry,init,end_init \
  -ppowerup=CODE -pcinit=CODE -pfunctab=ENTRY -AEEDATA=00h-0FFh/0F000h \
  -peeprom_data=EEDATA -DEEDATA=2 -DCODE=2 -DSTRCODE=2 -DSTRING=2 -DCONST=2 \
  -DENTRY=2 -k C:\Users\askan\AppData\Local\Temp\sddo.o \
  dist/default/production\pic18f_DACC.X.production.o 

Object code version is 3.11

Machine type is 16F1936



                Name                               Link     Load   Length Selector   Space Scale
C:\Users\askan\AppData\Local\Temp\sddo.o
                end_init                              2        2        2        0       0
                reset_vec                             0        0        2        0       0
dist/default/production\pic18f_DACC.X.production.o
                cinit                               7FD      7FD        3      FFA       0
                text6                               20C      20C       10      418       0
                text5                               3F2      3F2      1B4      7E4       0
                text4                               21C      21C       23      438       0
                text3                               5A6      5A6      257      B4C       0
                text2                               23F      23F       75      47E       0
                text1                               346      346       AC      68C       0
                maintext                            2B4      2B4       92      568       0
                cstackBANK0                          20       20       4A       20       1
                cstackCOMMON                         70       70        E       70       1

TOTAL           Name                               Link     Load   Length     Space
        CLASS   STACK          

        CLASS   CODE           
                end_init                              2        2        2         0
                cinit                               7FD      7FD        3         0
                reset_vec                             0        0        2         0
                text6                               20C      20C       10         0
                text5                               3F2      3F2      1B4         0
                text4                               21C      21C       23         0
                text3                               5A6      5A6      257         0
                text2                               23F      23F       75         0
                text1                               346      346       AC         0
                maintext                            2B4      2B4       92         0

        CLASS   STRCODE        

        CLASS   STRING         

        CLASS   CONST          

        CLASS   ENTRY          

        CLASS   COMMON         
                cstackCOMMON                         70       70        E         1

        CLASS   BANK0          
                cstackBANK0                          20       20       4A         1

        CLASS   BANK1          

        CLASS   BANK2          

        CLASS   BANK3          

        CLASS   BANK4          

        CLASS   BANK5          

        CLASS   BANK6          

        CLASS   BIGRAM         

        CLASS   RAM            

        CLASS   ABS1           
                abs_s1                               7E       7E        2         1

        CLASS   SFR0           

        CLASS   SFR1           

        CLASS   SFR2           

        CLASS   SFR3           

        CLASS   SFR4           

        CLASS   SFR5           

        CLASS   SFR6           

        CLASS   SFR7           

        CLASS   SFR8           

        CLASS   SFR9           

        CLASS   SFR10          

        CLASS   SFR11          

        CLASS   SFR12          

        CLASS   SFR13          

        CLASS   SFR14          

        CLASS   SFR15          

        CLASS   SFR16          

        CLASS   SFR17          

        CLASS   SFR18          

        CLASS   SFR19          

        CLASS   SFR20          

        CLASS   SFR21          

        CLASS   SFR22          

        CLASS   SFR23          

        CLASS   SFR24          

        CLASS   SFR25          

        CLASS   SFR26          

        CLASS   SFR27          

        CLASS   SFR28          

        CLASS   SFR29          

        CLASS   SFR30          

        CLASS   SFR31          

        CLASS   CONFIG         

        CLASS   IDLOC          

        CLASS   EEDATA         

        CLASS   BANK31         

        CLASS   BANK30         

        CLASS   BANK29         

        CLASS   BANK28         

        CLASS   BANK27         

        CLASS   BANK26         

        CLASS   BANK25         

        CLASS   BANK24         

        CLASS   BANK23         

        CLASS   BANK22         

        CLASS   BANK21         

        CLASS   BANK20         

        CLASS   BANK19         

        CLASS   BANK18         

        CLASS   BANK17         

        CLASS   BANK16         

        CLASS   BANK15         

        CLASS   BANK14         

        CLASS   BANK13         

        CLASS   BANK12         

        CLASS   BANK11         

        CLASS   BANK10         

        CLASS   BANK9          

        CLASS   BANK8          

        CLASS   BANK7          



SEGMENTS        Name                           Load    Length   Top    Selector   Space  Class     Delta

                reset_vec                      000000  000004  000004         0       0  CODE        2
                cstackBANK0                    000020  00004A  00006A        20       1  BANK0       1
                cstackCOMMON                   000070  00000E  00007E        70       1  COMMON      1
                text6                          00020C  000010  00021C       418       0  CODE        2
                text4                          00021C  000023  00023F       438       0  CODE        2
                text2                          00023F  000075  0002B4       47E       0  CODE        2
                maintext                       0002B4  000092  000346       568       0  CODE        2
                text1                          000346  0000AC  0003F2       68C       0  CODE        2
                text5                          0003F2  0001B4  0005A6       7E4       0  CODE        2
                text3                          0005A6  000257  0007FD       B4C       0  CODE        2
                cinit                          0007FD  000003  000800       FFA       0  CODE        2


UNUSED ADDRESS RANGES

        Name                Unused          Largest block    Delta
        BANK0            006A-006F              6           1
        BANK1            00A0-00EF             50           1
        BANK2            0120-016F             50           1
        BANK3            01A0-01EF             50           1
        BANK4            0220-026F             50           1
        BANK5            02A0-02EF             50           1
        BANK6            0320-032F             10           1
        BIGRAM           2000-21EF            1F0           1
        CODE             0004-020B            208           2
                         0800-1FFF            800
        CONFIG           8007-8008              2           2
        CONST            0004-020B            100           2
                         0800-1FFF            100
        EEDATA           F000-F0FF            100           2
        ENTRY            0004-020B            100           2
                         0800-1FFF            100
        IDLOC            8000-8003              4           2
        RAM              006A-006F              6           1
                         00A0-00EF             50
                         0120-016F             50
                         01A0-01EF             50
                         0220-026F             50
                         02A0-02EF             50
                         0320-032F             10
        SFR0             0000-001F             20           1
        SFR1             0080-009F             20           1
        SFR10            0500-056F             70           1
        SFR11            0580-05EF             70           1
        SFR12            0600-066F             70           1
        SFR13            0680-06EF             70           1
        SFR14            0700-076F             70           1
        SFR15            0780-07EF             70           1
        SFR16            0800-086F             70           1
        SFR17            0880-08EF             70           1
        SFR18            0900-096F             70           1
        SFR19            0980-09EF             70           1
        SFR2             0100-011F             20           1
        SFR20            0A00-0A6F             70           1
        SFR21            0A80-0AEF             70           1
        SFR22            0B00-0B6F             70           1
        SFR23            0B80-0BEF             70           1
        SFR24            0C00-0C6F             70           1
        SFR25            0C80-0CEF             70           1
        SFR26            0D00-0D6F             70           1
        SFR27            0D80-0DEF             70           1
        SFR28            0E00-0E6F             70           1
        SFR29            0E80-0EEF             70           1
        SFR3             0180-019F             20           1
        SFR30            0F00-0F6F             70           1
        SFR31            0F80-0FEF             70           1
        SFR4             0200-021F             20           1
        SFR5             0280-029F             20           1
        SFR6             0300-031F             20           1
        SFR7             0380-03EF             70           1
        SFR8             0400-046F             70           1
        SFR9             0480-04EF             70           1
        STACK            204A-21EF            1A6           1
        STRCODE          0004-020B            208           2
                         0800-1FFF           1800
        STRING           0004-020B            100           2
                         0800-1FFF            100

                                  Symbol Table

?__Umul8_16              cstackCOMMON 0070
?___fldiv                cstackBANK0  003A
?___flmul                cstackBANK0  0020
?___fltol                cstackBANK0  0054
?___xxtofl               cstackCOMMON 0070
DELAY@i                  cstackCOMMON 0070
_ADCON0                  (abs)        009D
_ADCON0bits              (abs)        009D
_ADCON1                  (abs)        009E
_ADRESH                  (abs)        009C
_ADRESL                  (abs)        009B
_DACCON0                 (abs)        0118
_DACCON1                 (abs)        0119
_DELAY                   text6        020C
__Habs1                  abs1         0000
__Hbank0                 bank0        0000
__Hbank1                 bank1        0000
__Hbank10                bank10       0000
__Hbank11                bank11       0000
__Hbank12                bank12       0000
__Hbank13                bank13       0000
__Hbank14                bank14       0000
__Hbank15                bank15       0000
__Hbank16                bank16       0000
__Hbank17                bank17       0000
__Hbank18                bank18       0000
__Hbank19                bank19       0000
__Hbank2                 bank2        0000
__Hbank20                bank20       0000
__Hbank21                bank21       0000
__Hbank22                bank22       0000
__Hbank23                bank23       0000
__Hbank24                bank24       0000
__Hbank25                bank25       0000
__Hbank26                bank26       0000
__Hbank27                bank27       0000
__Hbank28                bank28       0000
__Hbank29                bank29       0000
__Hbank3                 bank3        0000
__Hbank30                bank30       0000
__Hbank31                bank31       0000
__Hbank4                 bank4        0000
__Hbank5                 bank5        0000
__Hbank6                 bank6        0000
__Hbank7                 bank7        0000
__Hbank8                 bank8        0000
__Hbank9                 bank9        0000
__Hbigram                bigram       0000
__Hcinit                 cinit        0800
__Hclrtext               clrtext      0000
__Hcode                  code         0000
__Hcommon                common       0000
__HcstackBANK0           cstackBANK0  0000
__HcstackCOMMON          cstackCOMMON 0000
__Heeprom_data           eeprom_data  0000
__Hend_init              end_init     0004
__Hfunctab               functab      0000
__Hinit                  init         0002
__Hintentry              intentry     0002
__Hmaintext              maintext     0000
__Hpowerup               powerup      0000
__Hram                   ram          0000
__Hreset_vec             reset_vec    0002
__Hsfr0                  sfr0         0000
__Hsfr1                  sfr1         0000
__Hsfr10                 sfr10        0000
__Hsfr11                 sfr11        0000
__Hsfr12                 sfr12        0000
__Hsfr13                 sfr13        0000
__Hsfr14                 sfr14        0000
__Hsfr15                 sfr15        0000
__Hsfr16                 sfr16        0000
__Hsfr17                 sfr17        0000
__Hsfr18                 sfr18        0000
__Hsfr19                 sfr19        0000
__Hsfr2                  sfr2         0000
__Hsfr20                 sfr20        0000
__Hsfr21                 sfr21        0000
__Hsfr22                 sfr22        0000
__Hsfr23                 sfr23        0000
__Hsfr24                 sfr24        0000
__Hsfr25                 sfr25        0000
__Hsfr26                 sfr26        0000
__Hsfr27                 sfr27        0000
__Hsfr28                 sfr28        0000
__Hsfr29                 sfr29        0000
__Hsfr3                  sfr3         0000
__Hsfr30                 sfr30        0000
__Hsfr31                 sfr31        0000
__Hsfr4                  sfr4         0000
__Hsfr5                  sfr5         0000
__Hsfr6                  sfr6         0000
__Hsfr7                  sfr7         0000
__Hsfr8                  sfr8         0000
__Hsfr9                  sfr9         0000
__Hspace_0               (abs)        0800
__Hspace_1               (abs)        007E
__Hspace_2               (abs)        0000
__Hspace_3               (abs)        0000
__Hstack                 stack        0000
__Hstrings               strings      0000
__Htext                  text         0000
__Labs1                  abs1         0000
__Lbank0                 bank0        0000
__Lbank1                 bank1        0000
__Lbank10                bank10       0000
__Lbank11                bank11       0000
__Lbank12                bank12       0000
__Lbank13                bank13       0000
__Lbank14                bank14       0000
__Lbank15                bank15       0000
__Lbank16                bank16       0000
__Lbank17                bank17       0000
__Lbank18                bank18       0000
__Lbank19                bank19       0000
__Lbank2                 bank2        0000
__Lbank20                bank20       0000
__Lbank21                bank21       0000
__Lbank22                bank22       0000
__Lbank23                bank23       0000
__Lbank24                bank24       0000
__Lbank25                bank25       0000
__Lbank26                bank26       0000
__Lbank27                bank27       0000
__Lbank28                bank28       0000
__Lbank29                bank29       0000
__Lbank3                 bank3        0000
__Lbank30                bank30       0000
__Lbank31                bank31       0000
__Lbank4                 bank4        0000
__Lbank5                 bank5        0000
__Lbank6                 bank6        0000
__Lbank7                 bank7        0000
__Lbank8                 bank8        0000
__Lbank9                 bank9        0000
__Lbigram                bigram       0000
__Lcinit                 cinit        07FD
__Lclrtext               clrtext      0000
__Lcode                  code         0000
__Lcommon                common       0000
__LcstackBANK0           cstackBANK0  0000
__LcstackCOMMON          cstackCOMMON 0000
__Leeprom_data           eeprom_data  0000
__Lend_init              end_init     0002
__Lfunctab               functab      0000
__Linit                  init         0002
__Lintentry              intentry     0002
__Lmaintext              maintext     0000
__Lpowerup               powerup      0000
__Lram                   ram          0000
__Lreset_vec             reset_vec    0000
__Lsfr0                  sfr0         0000
__Lsfr1                  sfr1         0000
__Lsfr10                 sfr10        0000
__Lsfr11                 sfr11        0000
__Lsfr12                 sfr12        0000
__Lsfr13                 sfr13        0000
__Lsfr14                 sfr14        0000
__Lsfr15                 sfr15        0000
__Lsfr16                 sfr16        0000
__Lsfr17                 sfr17        0000
__Lsfr18                 sfr18        0000
__Lsfr19                 sfr19        0000
__Lsfr2                  sfr2         0000
__Lsfr20                 sfr20        0000
__Lsfr21                 sfr21        0000
__Lsfr22                 sfr22        0000
__Lsfr23                 sfr23        0000
__Lsfr24                 sfr24        0000
__Lsfr25                 sfr25        0000
__Lsfr26                 sfr26        0000
__Lsfr27                 sfr27        0000
__Lsfr28                 sfr28        0000
__Lsfr29                 sfr29        0000
__Lsfr3                  sfr3         0000
__Lsfr30                 sfr30        0000
__Lsfr31                 sfr31        0000
__Lsfr4                  sfr4         0000
__Lsfr5                  sfr5         0000
__Lsfr6                  sfr6         0000
__Lsfr7                  sfr7         0000
__Lsfr8                  sfr8         0000
__Lsfr9                  sfr9         0000
__Lspace_0               (abs)        0000
__Lspace_1               (abs)        0000
__Lspace_2               (abs)        0000
__Lspace_3               (abs)        0000
__Lstack                 stack        0000
__Lstrings               strings      0000
__Ltext                  text         0000
__S0                     (abs)        0800
__S1                     (abs)        007E
__S2                     (abs)        0000
__S3                     (abs)        0000
__Umul8_16               text4        021C
__Umul8_16@multiplicand  cstackCOMMON 0070
__Umul8_16@multiplier    cstackCOMMON 0078
__Umul8_16@product       cstackCOMMON 0074
__Umul8_16@word_mpld     cstackCOMMON 0076
___fldiv                 text5        03F2
___fldiv@a               cstackBANK0  003A
___fldiv@aexp            cstackBANK0  0053
___fldiv@b               cstackBANK0  003E
___fldiv@bexp            cstackBANK0  0052
___fldiv@grs             cstackBANK0  004E
___fldiv@new_exp         cstackBANK0  004C
___fldiv@rem             cstackBANK0  0047
___fldiv@sign            cstackBANK0  004B
___flmul                 text3        05A6
___flmul@a               cstackBANK0  0024
___flmul@aexp            cstackBANK0  0032
___flmul@b               cstackBANK0  0020
___flmul@bexp            cstackBANK0  0033
___flmul@grs             cstackBANK0  002E
___flmul@prod            cstackBANK0  0034
___flmul@sign            cstackBANK0  002D
___flmul@temp            cstackBANK0  0038
___fltol                 text2        023F
___fltol@exp1            cstackBANK0  005E
___fltol@f1              cstackBANK0  0054
___fltol@sign1           cstackBANK0  005D
___int_sp                stack        0000
___latbits               (abs)        0002
___sp                    stack        0000
___stackhi               (abs)        21EF
___stacklo               (abs)        204A
___xxtofl                text1        0346
___xxtofl@arg            cstackCOMMON 007A
___xxtofl@exp            cstackCOMMON 0079
___xxtofl@sign           cstackCOMMON 0078
___xxtofl@val            cstackCOMMON 0070
__end_of_DELAY           text6        021C
__end_of__Umul8_16       text4        023F
__end_of___fldiv         text5        05A6
__end_of___flmul         text3        07FD
__end_of___fltol         text2        02B4
__end_of___xxtofl        text1        03F2
__end_of__initialization cinit        07FD
__end_of_main            maintext     0346
__initialization         cinit        07FD
__pcstackBANK0           cstackBANK0  0020
__pcstackCOMMON          cstackCOMMON 0070
__pmaintext              maintext     02B4
__ptext1                 text1        0346
__ptext2                 text2        023F
__ptext3                 text3        05A6
__ptext4                 text4        021C
__ptext5                 text5        03F2
__ptext6                 text6        020C
__size_of_DELAY          (abs)        0000
__size_of__Umul8_16      (abs)        0000
__size_of___fldiv        (abs)        0000
__size_of___flmul        (abs)        0000
__size_of___fltol        (abs)        0000
__size_of___xxtofl       (abs)        0000
__size_of_main           (abs)        0000
_main                    maintext     02B4
_main$716                cstackBANK0  0062
btemp                    (abs)        007E
end_of_initialization    cinit        07FD
intlevel0                functab      0000
intlevel1                functab      0000
intlevel2                functab      0000
intlevel3                functab      0000
intlevel4                functab      0000
intlevel5                functab      0000
main@a                   cstackBANK0  0068
main@v                   cstackBANK0  0066
reset_vec                reset_vec    0000
start                    init         0002
start_initialization     cinit        07FD
wtemp0                   (abs)        007E


FUNCTION INFORMATION:

 *************** function _main *****************
 Defined at:
		line 21 in file "newmain.c"
 Parameters:    Size  Location     Type
		None
 Auto vars:     Size  Location     Type
  a               2   72[BANK0 ] unsigned int 
  v               2   70[BANK0 ] unsigned int 
 Return value:  Size  Location     Type
                  1    wreg      void 
 Registers used:
		wreg, status,2, status,0, pclath, cstack
 Tracked objects:
		On entry : 
		On exit  : 
		Unchanged: 
 Data sizes:     COMMON   BANK0   BANK1   BANK2   BANK3   BANK4   BANK5   BANK6
      Params:         0       0       0       0       0       0       0       0
      Locals:         0       8       0       0       0       0       0       0
      Temps:          0       3       0       0       0       0       0       0
      Totals:         0      11       0       0       0       0       0       0
Total ram usage:       11 bytes
 Hardware stack levels required when called:    2
 This function calls:
		_DELAY
		___fldiv
		___flmul
		___fltol
		___xxtofl
 This function is called by:
		Startup code after reset
 This function uses a non-reentrant model


 *************** function ___xxtofl *****************
 Defined at:
		line 10 in file "C:\Program Files\Microchip\xc8\v2.20\pic\sources\c99\common\xxtofl.c"
 Parameters:    Size  Location     Type
  sign            1    wreg     unsigned char 
  val             4    0[COMMON] long 
 Auto vars:     Size  Location     Type
  sign            1    8[COMMON] unsigned char 
  arg             4   10[COMMON] unsigned long 
  exp             1    9[COMMON] unsigned char 
 Return value:  Size  Location     Type
                  4    0[COMMON] unsigned char 
 Registers used:
		wreg, status,2, status,0
 Tracked objects:
		On entry : 
		On exit  : 
		Unchanged: 
 Data sizes:     COMMON   BANK0   BANK1   BANK2   BANK3   BANK4   BANK5   BANK6
      Params:         4       0       0       0       0       0       0       0
      Locals:         6       0       0       0       0       0       0       0
      Temps:          4       0       0       0       0       0       0       0
      Totals:        14       0       0       0       0       0       0       0
Total ram usage:       14 bytes
 Hardware stack levels used:    1
 This function calls:
		Nothing
 This function is called by:
		_main
 This function uses a non-reentrant model


 *************** function ___fltol *****************
 Defined at:
		line 43 in file "C:\Program Files\Microchip\xc8\v2.20\pic\sources\c99\common\fltol.c"
 Parameters:    Size  Location     Type
  f1              4   52[BANK0 ] unsigned char 
 Auto vars:     Size  Location     Type
  exp1            1   62[BANK0 ] unsigned char 
  sign1           1   61[BANK0 ] unsigned char 
 Return value:  Size  Location     Type
                  4   52[BANK0 ] long 
 Registers used:
		wreg, status,2, status,0
 Tracked objects:
		On entry : 
		On exit  : 
		Unchanged: 
 Data sizes:     COMMON   BANK0   BANK1   BANK2   BANK3   BANK4   BANK5   BANK6
      Params:         0       4       0       0       0       0       0       0
      Locals:         0       2       0       0       0       0       0       0
      Temps:          0       5       0       0       0       0       0       0
      Totals:         0      11       0       0       0       0       0       0
Total ram usage:       11 bytes
 Hardware stack levels used:    1
 This function calls:
		Nothing
 This function is called by:
		_main
 This function uses a non-reentrant model


 *************** function ___flmul *****************
 Defined at:
		line 8 in file "C:\Program Files\Microchip\xc8\v2.20\pic\sources\c99\common\sprcmul.c"
 Parameters:    Size  Location     Type
  b               4    0[BANK0 ] long 
  a               4    4[BANK0 ] long 
 Auto vars:     Size  Location     Type
  prod            4   20[BANK0 ] struct .
  grs             4   14[BANK0 ] unsigned long 
  temp            2   24[BANK0 ] struct .
  bexp            1   19[BANK0 ] unsigned char 
  aexp            1   18[BANK0 ] unsigned char 
  sign            1   13[BANK0 ] unsigned char 
 Return value:  Size  Location     Type
                  4    0[BANK0 ] unsigned char 
 Registers used:
		wreg, status,2, status,0, pclath, cstack
 Tracked objects:
		On entry : 
		On exit  : 
		Unchanged: 
 Data sizes:     COMMON   BANK0   BANK1   BANK2   BANK3   BANK4   BANK5   BANK6
      Params:         0       8       0       0       0       0       0       0
      Locals:         0      13       0       0       0       0       0       0
      Temps:          0       5       0       0       0       0       0       0
      Totals:         0      26       0       0       0       0       0       0
Total ram usage:       26 bytes
 Hardware stack levels used:    1
 Hardware stack levels required when called:    1
 This function calls:
		__Umul8_16
 This function is called by:
		_main
 This function uses a non-reentrant model


 *************** function __Umul8_16 *****************
 Defined at:
		line 4 in file "C:\Program Files\Microchip\xc8\v2.20\pic\sources\c99\common\Umul8_16.c"
 Parameters:    Size  Location     Type
  multiplier      1    wreg     unsigned char 
  multiplicand    1    0[COMMON] unsigned char 
 Auto vars:     Size  Location     Type
  multiplier      1    8[COMMON] unsigned char 
  word_mpld       2    6[COMMON] unsigned int 
  product         2    4[COMMON] unsigned int 
 Return value:  Size  Location     Type
                  2    0[COMMON] unsigned int 
 Registers used:
		wreg, status,2, status,0
 Tracked objects:
		On entry : 
		On exit  : 
		Unchanged: 
 Data sizes:     COMMON   BANK0   BANK1   BANK2   BANK3   BANK4   BANK5   BANK6
      Params:         2       0       0       0       0       0       0       0
      Locals:         5       0       0       0       0       0       0       0
      Temps:          2       0       0       0       0       0       0       0
      Totals:         9       0       0       0       0       0       0       0
Total ram usage:        9 bytes
 Hardware stack levels used:    1
 This function calls:
		Nothing
 This function is called by:
		___flmul
 This function uses a non-reentrant model


 *************** function ___fldiv *****************
 Defined at:
		line 8 in file "C:\Program Files\Microchip\xc8\v2.20\pic\sources\c99\common\sprcdiv.c"
 Parameters:    Size  Location     Type
  a               4   26[BANK0 ] unsigned int 
  b               4   30[BANK0 ] unsigned int 
 Auto vars:     Size  Location     Type
  grs             4   46[BANK0 ] unsigned long 
  rem             4   39[BANK0 ] unsigned long 
  new_exp         2   44[BANK0 ] int 
  aexp            1   51[BANK0 ] unsigned char 
  bexp            1   50[BANK0 ] unsigned char 
  sign            1   43[BANK0 ] unsigned char 
 Return value:  Size  Location     Type
                  4   26[BANK0 ] unsigned char 
 Registers used:
		wreg, status,2, status,0
 Tracked objects:
		On entry : 
		On exit  : 
		Unchanged: 
 Data sizes:     COMMON   BANK0   BANK1   BANK2   BANK3   BANK4   BANK5   BANK6
      Params:         0       8       0       0       0       0       0       0
      Locals:         0      13       0       0       0       0       0       0
      Temps:          0       5       0       0       0       0       0       0
      Totals:         0      26       0       0       0       0       0       0
Total ram usage:       26 bytes
 Hardware stack levels used:    1
 This function calls:
		Nothing
 This function is called by:
		_main
 This function uses a non-reentrant model


 *************** function _DELAY *****************
 Defined at:
		line 11 in file "newmain.c"
 Parameters:    Size  Location     Type
		None
 Auto vars:     Size  Location     Type
  i               2    0[COMMON] unsigned int 
 Return value:  Size  Location     Type
                  1    wreg      void 
 Registers used:
		wreg, status,2
 Tracked objects:
		On entry : 
		On exit  : 
		Unchanged: 
 Data sizes:     COMMON   BANK0   BANK1   BANK2   BANK3   BANK4   BANK5   BANK6
      Params:         0       0       0       0       0       0       0       0
      Locals:         2       0       0       0       0       0       0       0
      Temps:          0       0       0       0       0       0       0       0
      Totals:         2       0       0       0       0       0       0       0
Total ram usage:        2 bytes
 Hardware stack levels used:    1
 This function calls:
		Nothing
 This function is called by:
		_main
 This function uses a non-reentrant model



MODULE INFORMATION

Module		Function		Class		Link	Load	Size
newmain.c
		_main          		CODE           	02B4	0000	147
		_DELAY         		CODE           	020C	0000	17

newmain.c estimated size: 164

shared
		__initialization		CODE           	07FD	0000	1

shared estimated size: 1

C:\Program Files\Microchip\xc8\v2.20\pic\sources\c99\common\Umul8_16.c
		__Umul8_16     		CODE           	021C	0000	36

C:\Program Files\Microchip\xc8\v2.20\pic\sources\c99\common\Umul8_16.c estimated size: 36

C:\Program Files\Microchip\xc8\v2.20\pic\sources\c99\common\sprcmul.c
		___flmul       		CODE           	05A6	0000	600

C:\Program Files\Microchip\xc8\v2.20\pic\sources\c99\common\sprcmul.c estimated size: 600

C:\Program Files\Microchip\xc8\v2.20\pic\sources\c99\common\sprcdiv.c
		___fldiv       		CODE           	03F2	0000	437

C:\Program Files\Microchip\xc8\v2.20\pic\sources\c99\common\sprcdiv.c estimated size: 437

C:\Program Files\Microchip\xc8\v2.20\pic\sources\c99\common\fltol.c
		___fltol       		CODE           	023F	0000	118

C:\Program Files\Microchip\xc8\v2.20\pic\sources\c99\common\fltol.c estimated size: 118

C:\Program Files\Microchip\xc8\v2.20\pic\sources\c99\common\xxtofl.c
		___xxtofl      		CODE           	0346	0000	173

C:\Program Files\Microchip\xc8\v2.20\pic\sources\c99\common\xxtofl.c estimated size: 173

